

[    0.000000] Linux version 4.8.6 (nixbld@localhost) (gcc version 5.4.0 (GCC) ) #1-NixOS SMP Mon Oct 31 11:26:46 UTC 2016
[    0.000000] Command line: BOOT_IMAGE=(hd0,gpt3)/nix/store/ndgngd9vc1jddrixphs0d088fcfn1zrs-linux-4.8.6/bzImage systemConfig=/nix/store/r8r0rlr79ahjknd8dw7s0y13y98hh7sn-nixos-system-miniPeskNix-17.03pre95306.a24728f init=/nix/store/r8r0rlr79ahjknd8dw7s0y13y98hh7sn-nixos-system-miniPeskNix-17.03pre95306.a24728f/init loglevel=4
[    0.000000] x86/fpu: Supporting XSAVE feature 0x001: 'x87 floating point registers'
[    0.000000] x86/fpu: Supporting XSAVE feature 0x002: 'SSE registers'
[    0.000000] x86/fpu: Supporting XSAVE feature 0x004: 'AVX registers'
[    0.000000] x86/fpu: xstate_offset[2]:  576, xstate_sizes[2]:  256
[    0.000000] x86/fpu: Enabled xstate features 0x7, context size is 832 bytes, using 'standard' format.
[    0.000000] x86/fpu: Using 'eager' FPU context switches.
[    0.000000] e820: BIOS-provided physical RAM map:
[    0.000000] BIOS-e820: [mem 0x0000000000000000-0x000000000009d7ff] usable
[    0.000000] BIOS-e820: [mem 0x000000000009d800-0x000000000009ffff] reserved
[    0.000000] BIOS-e820: [mem 0x00000000000e0000-0x00000000000fffff] reserved
[    0.000000] BIOS-e820: [mem 0x0000000000100000-0x000000001fffffff] usable
[    0.000000] BIOS-e820: [mem 0x0000000020000000-0x00000000201fffff] reserved
[    0.000000] BIOS-e820: [mem 0x0000000020200000-0x0000000040003fff] usable
[    0.000000] BIOS-e820: [mem 0x0000000040004000-0x0000000040004fff] reserved
[    0.000000] BIOS-e820: [mem 0x0000000040005000-0x00000000cee0bfff] usable
[    0.000000] BIOS-e820: [mem 0x00000000cee0c000-0x00000000dae9efff] reserved
[    0.000000] BIOS-e820: [mem 0x00000000dae9f000-0x00000000daf9efff] ACPI NVS
[    0.000000] BIOS-e820: [mem 0x00000000daf9f000-0x00000000daffefff] ACPI data
[    0.000000] BIOS-e820: [mem 0x00000000dafff000-0x00000000df9fffff] reserved
[    0.000000] BIOS-e820: [mem 0x00000000f8000000-0x00000000fbffffff] reserved
[    0.000000] BIOS-e820: [mem 0x00000000fec00000-0x00000000fec00fff] reserved
[    0.000000] BIOS-e820: [mem 0x00000000fed08000-0x00000000fed08fff] reserved
[    0.000000] BIOS-e820: [mem 0x00000000fed10000-0x00000000fed19fff] reserved
[    0.000000] BIOS-e820: [mem 0x00000000fed1c000-0x00000000fed1ffff] reserved
[    0.000000] BIOS-e820: [mem 0x00000000fee00000-0x00000000fee00fff] reserved
[    0.000000] BIOS-e820: [mem 0x00000000ffc00000-0x00000000ffffffff] reserved
[    0.000000] BIOS-e820: [mem 0x0000000100000000-0x000000021e5fffff] usable
[    0.000000] BIOS-e820: [mem 0x000000021e600000-0x000000021e7fffff] reserved
[    0.000000] NX (Execute Disable) protection: active
[    0.000000] SMBIOS 2.7 present.
[    0.000000] DMI: LENOVO 2349N5G/2349N5G, BIOS G1ET93WW (2.53 ) 03/08/2013
[    0.000000] e820: update [mem 0x00000000-0x00000fff] usable ==> reserved
[    0.000000] e820: remove [mem 0x000a0000-0x000fffff] usable
[    0.000000] e820: last_pfn = 0x21e600 max_arch_pfn = 0x400000000
[    0.000000] MTRR default type: uncachable
[    0.000000] MTRR fixed ranges enabled:
[    0.000000]   00000-9FFFF write-back
[    0.000000]   A0000-BFFFF uncachable
[    0.000000]   C0000-FFFFF write-protect
[    0.000000] MTRR variable ranges enabled:
[    0.000000]   0 base 0FFC00000 mask FFFC00000 write-protect
[    0.000000]   1 base 000000000 mask F80000000 write-back
[    0.000000]   2 base 080000000 mask FC0000000 write-back
[    0.000000]   3 base 0C0000000 mask FE0000000 write-back
[    0.000000]   4 base 0DC000000 mask FFC000000 uncachable
[    0.000000]   5 base 0DB000000 mask FFF000000 uncachable
[    0.000000]   6 base 100000000 mask F00000000 write-back
[    0.000000]   7 base 200000000 mask FE0000000 write-back
[    0.000000]   8 base 21F000000 mask FFF000000 uncachable
[    0.000000]   9 base 21E800000 mask FFF800000 uncachable
[    0.000000] x86/PAT: Configuration [0-7]: WB  WC  UC- UC  WB  WC  UC- WT  
[    0.000000] e820: last_pfn = 0xcee0c max_arch_pfn = 0x400000000
[    0.000000] found SMP MP-table at [mem 0x000f0100-0x000f010f] mapped at [ffff8eedc00f0100]
[    0.000000] Scanning 1 areas for low memory corruption
[    0.000000] Base memory trampoline at [ffff8eedc0097000] 97000 size 24576
[    0.000000] BRK [0x1cf8e8000, 0x1cf8e8fff] PGTABLE
[    0.000000] BRK [0x1cf8e9000, 0x1cf8e9fff] PGTABLE
[    0.000000] BRK [0x1cf8ea000, 0x1cf8eafff] PGTABLE
[    0.000000] BRK [0x1cf8eb000, 0x1cf8ebfff] PGTABLE
[    0.000000] BRK [0x1cf8ec000, 0x1cf8ecfff] PGTABLE
[    0.000000] BRK [0x1cf8ed000, 0x1cf8edfff] PGTABLE
[    0.000000] BRK [0x1cf8ee000, 0x1cf8eefff] PGTABLE
[    0.000000] BRK [0x1cf8ef000, 0x1cf8effff] PGTABLE
[    0.000000] BRK [0x1cf8f0000, 0x1cf8f0fff] PGTABLE
[    0.000000] BRK [0x1cf8f1000, 0x1cf8f1fff] PGTABLE
[    0.000000] BRK [0x1cf8f2000, 0x1cf8f2fff] PGTABLE
[    0.000000] RAMDISK: [mem 0x37475000-0x37a31fff]
[    0.000000] ACPI: Early table checksum verification disabled
[    0.000000] ACPI: RSDP 0x00000000000F0120 000024 (v02 LENOVO)
[    0.000000] ACPI: XSDT 0x00000000DAFFE170 0000BC (v01 LENOVO TP-G1    00002530 PTL  00000002)
[    0.000000] ACPI: FACP 0x00000000DAFE7000 00010C (v05 LENOVO TP-G1    00002530 PTL  00000002)
[    0.000000] ACPI: DSDT 0x00000000DAFE9000 00FE86 (v01 LENOVO TP-G1    00002530 INTL 20061109)
[    0.000000] ACPI: FACS 0x00000000DAF5A000 000040
[    0.000000] ACPI: SLIC 0x00000000DAFFD000 000176 (v01 LENOVO TP-G1    00002530 PTL  00000001)
[    0.000000] ACPI: TCPA 0x00000000DAFFC000 000032 (v02 PTL    LENOVO   06040000 LNVO 00000001)
[    0.000000] ACPI: SSDT 0x00000000DAFFB000 000408 (v01 LENOVO TP-SSDT2 00000200 INTL 20061109)
[    0.000000] ACPI: SSDT 0x00000000DAFFA000 000033 (v01 LENOVO TP-SSDT1 00000100 INTL 20061109)
[    0.000000] ACPI: SSDT 0x00000000DAFF9000 000797 (v01 LENOVO SataAhci 00001000 INTL 20061109)
[    0.000000] ACPI: HPET 0x00000000DAFE5000 000038 (v01 LENOVO TP-G1    00002530 PTL  00000002)
[    0.000000] ACPI: APIC 0x00000000DAFE4000 000098 (v01 LENOVO TP-G1    00002530 PTL  00000002)
[    0.000000] ACPI: MCFG 0x00000000DAFE3000 00003C (v01 LENOVO TP-G1    00002530 PTL  00000002)
[    0.000000] ACPI: ECDT 0x00000000DAFE2000 000052 (v01 LENOVO TP-G1    00002530 PTL  00000002)
[    0.000000] ACPI: FPDT 0x00000000DAFE1000 000064 (v01 LENOVO TP-G1    00002530 PTL  00000002)
[    0.000000] ACPI: ASF! 0x00000000DAFE8000 0000A5 (v32 LENOVO TP-G1    00002530 PTL  00000002)
[    0.000000] ACPI: UEFI 0x00000000DAFE0000 00003E (v01 LENOVO TP-G1    00002530 PTL  00000002)
[    0.000000] ACPI: UEFI 0x00000000DAFDF000 000042 (v01 PTL    COMBUF   00000001 PTL  00000001)
[    0.000000] ACPI: MSDM 0x00000000DAFDE000 000055 (v03 LENOVO TP-G1    00002530 PTL  00000002)
[    0.000000] ACPI: SSDT 0x00000000DAFDD000 000C51 (v01 PmRef  Cpu0Ist  00003000 INTL 20061109)
[    0.000000] ACPI: SSDT 0x00000000DAFDC000 000A83 (v01 PmRef  CpuPm    00003000 INTL 20061109)
[    0.000000] ACPI: UEFI 0x00000000DAFDB000 0002A6 (v01 LENOVO TP-G1    00002530 PTL  00000002)
[    0.000000] ACPI: DBG2 0x00000000DAFDA000 0000E9 (v00 LENOVO TP-G1    00002530 PTL  00000002)
[    0.000000] ACPI: Local APIC address 0xfee00000
[    0.000000] No NUMA configuration found
[    0.000000] Faking a node at [mem 0x0000000000000000-0x000000021e5fffff]
[    0.000000] NODE_DATA(0) allocated [mem 0x21e5f9000-0x21e5fcfff]
[    0.000000] Zone ranges:
[    0.000000]   DMA      [mem 0x0000000000001000-0x0000000000ffffff]
[    0.000000]   DMA32    [mem 0x0000000001000000-0x00000000ffffffff]
[    0.000000]   Normal   [mem 0x0000000100000000-0x000000021e5fffff]
[    0.000000] Movable zone start for each node
[    0.000000] Early memory node ranges
[    0.000000]   node   0: [mem 0x0000000000001000-0x000000000009cfff]
[    0.000000]   node   0: [mem 0x0000000000100000-0x000000001fffffff]
[    0.000000]   node   0: [mem 0x0000000020200000-0x0000000040003fff]
[    0.000000]   node   0: [mem 0x0000000040005000-0x00000000cee0bfff]
[    0.000000]   node   0: [mem 0x0000000100000000-0x000000021e5fffff]
[    0.000000] Initmem setup node 0 [mem 0x0000000000001000-0x000000021e5fffff]
[    0.000000] On node 0 totalpages: 2019751
[    0.000000]   DMA zone: 64 pages used for memmap
[    0.000000]   DMA zone: 21 pages reserved
[    0.000000]   DMA zone: 3996 pages, LIFO batch:0
[    0.000000]   DMA32 zone: 13169 pages used for memmap
[    0.000000]   DMA32 zone: 842763 pages, LIFO batch:31
[    0.000000]   Normal zone: 18328 pages used for memmap
[    0.000000]   Normal zone: 1172992 pages, LIFO batch:31
[    0.000000] Reserving Intel graphics memory at 0x00000000dba00000-0x00000000df9fffff
[    0.000000] ACPI: PM-Timer IO Port: 0x408
[    0.000000] ACPI: Local APIC address 0xfee00000
[    0.000000] ACPI: LAPIC_NMI (acpi_id[0x00] high edge lint[0x1])
[    0.000000] ACPI: LAPIC_NMI (acpi_id[0x01] high edge lint[0x1])
[    0.000000] IOAPIC[0]: apic_id 2, version 32, address 0xfec00000, GSI 0-23
[    0.000000] ACPI: INT_SRC_OVR (bus 0 bus_irq 0 global_irq 2 dfl dfl)
[    0.000000] ACPI: INT_SRC_OVR (bus 0 bus_irq 9 global_irq 9 high level)
[    0.000000] ACPI: IRQ0 used by override.
[    0.000000] ACPI: IRQ9 used by override.
[    0.000000] Using ACPI (MADT) for SMP configuration information
[    0.000000] ACPI: HPET id: 0x8086a301 base: 0xfed00000
[    0.000000] smpboot: Allowing 8 CPUs, 4 hotplug CPUs
[    0.000000] PM: Registered nosave memory: [mem 0x00000000-0x00000fff]
[    0.000000] PM: Registered nosave memory: [mem 0x0009d000-0x0009dfff]
[    0.000000] PM: Registered nosave memory: [mem 0x0009e000-0x0009ffff]
[    0.000000] PM: Registered nosave memory: [mem 0x000a0000-0x000dffff]
[    0.000000] PM: Registered nosave memory: [mem 0x000e0000-0x000fffff]
[    0.000000] PM: Registered nosave memory: [mem 0x20000000-0x201fffff]
[    0.000000] PM: Registered nosave memory: [mem 0x40004000-0x40004fff]
[    0.000000] PM: Registered nosave memory: [mem 0xcee0c000-0xdae9efff]
[    0.000000] PM: Registered nosave memory: [mem 0xdae9f000-0xdaf9efff]
[    0.000000] PM: Registered nosave memory: [mem 0xdaf9f000-0xdaffefff]
[    0.000000] PM: Registered nosave memory: [mem 0xdafff000-0xdf9fffff]
[    0.000000] PM: Registered nosave memory: [mem 0xdfa00000-0xf7ffffff]
[    0.000000] PM: Registered nosave memory: [mem 0xf8000000-0xfbffffff]
[    0.000000] PM: Registered nosave memory: [mem 0xfc000000-0xfebfffff]
[    0.000000] PM: Registered nosave memory: [mem 0xfec00000-0xfec00fff]
[    0.000000] PM: Registered nosave memory: [mem 0xfec01000-0xfed07fff]
[    0.000000] PM: Registered nosave memory: [mem 0xfed08000-0xfed08fff]
[    0.000000] PM: Registered nosave memory: [mem 0xfed09000-0xfed0ffff]
[    0.000000] PM: Registered nosave memory: [mem 0xfed10000-0xfed19fff]
[    0.000000] PM: Registered nosave memory: [mem 0xfed1a000-0xfed1bfff]
[    0.000000] PM: Registered nosave memory: [mem 0xfed1c000-0xfed1ffff]
[    0.000000] PM: Registered nosave memory: [mem 0xfed20000-0xfedfffff]
[    0.000000] PM: Registered nosave memory: [mem 0xfee00000-0xfee00fff]
[    0.000000] PM: Registered nosave memory: [mem 0xfee01000-0xffbfffff]
[    0.000000] PM: Registered nosave memory: [mem 0xffc00000-0xffffffff]
[    0.000000] e820: [mem 0xdfa00000-0xf7ffffff] available for PCI devices
[    0.000000] Booting paravirtualized kernel on bare hardware
[    0.000000] clocksource: refined-jiffies: mask: 0xffffffff max_cycles: 0xffffffff, max_idle_ns: 1910969940391419 ns
[    0.000000] setup_percpu: NR_CPUS:384 nr_cpumask_bits:384 nr_cpu_ids:8 nr_node_ids:1
[    0.000000] percpu: Embedded 34 pages/cpu @ffff8eefde200000 s101976 r8192 d29096 u262144
[    0.000000] pcpu-alloc: s101976 r8192 d29096 u262144 alloc=1*2097152
[    0.000000] pcpu-alloc: [0] 0 1 2 3 4 5 6 7 
[    0.000000] Built 1 zonelists in Node order, mobility grouping on.  Total pages: 1988169
[    0.000000] Policy zone: Normal
[    0.000000] Kernel command line: BOOT_IMAGE=(hd0,gpt3)/nix/store/ndgngd9vc1jddrixphs0d088fcfn1zrs-linux-4.8.6/bzImage systemConfig=/nix/store/r8r0rlr79ahjknd8dw7s0y13y98hh7sn-nixos-system-miniPeskNix-17.03pre95306.a24728f init=/nix/store/r8r0rlr79ahjknd8dw7s0y13y98hh7sn-nixos-system-miniPeskNix-17.03pre95306.a24728f/init loglevel=4
[    0.000000] PID hash table entries: 4096 (order: 3, 32768 bytes)
[    0.000000] Calgary: detecting Calgary via BIOS EBDA area
[    0.000000] Calgary: Unable to locate Rio Grande table in EBDA - bailing!
[    0.000000] Memory: 7867528K/8079004K available (5408K kernel code, 892K rwdata, 1820K rodata, 1264K init, 784K bss, 211476K reserved, 0K cma-reserved)
[    0.000000] SLUB: HWalign=64, Order=0-3, MinObjects=0, CPUs=8, Nodes=1
[    0.000000] Hierarchical RCU implementation.
[    0.000000] 	Build-time adjustment of leaf fanout to 64.
[    0.000000] 	RCU restricting CPUs from NR_CPUS=384 to nr_cpu_ids=8.
[    0.000000] RCU: Adjusting geometry for rcu_fanout_leaf=64, nr_cpu_ids=8
[    0.000000] NR_IRQS:24832 nr_irqs:488 16
[    0.000000] Console: colour VGA+ 80x25
[    0.000000] console [tty0] enabled
[    0.000000] clocksource: hpet: mask: 0xffffffff max_cycles: 0xffffffff, max_idle_ns: 133484882848 ns
[    0.000000] hpet clockevent registered
[    0.000000] tsc: Fast TSC calibration using PIT
[    0.000000] tsc: Detected 2594.116 MHz processor
[    0.000052] Calibrating delay loop (skipped), value calculated using timer frequency.. 5188.23 BogoMIPS (lpj=2594116)
[    0.000056] pid_max: default: 32768 minimum: 301
[    0.000077] ACPI: Core revision 20160422
[    0.022841] ACPI: 6 ACPI AML tables successfully acquired and loaded

[    0.022880] Security Framework initialized
[    0.022881] Yama: becoming mindful.
[    0.022891] AppArmor: AppArmor initialized
[    0.023653] Dentry cache hash table entries: 1048576 (order: 11, 8388608 bytes)
[    0.027663] Inode-cache hash table entries: 524288 (order: 10, 4194304 bytes)
[    0.029497] Mount-cache hash table entries: 16384 (order: 5, 131072 bytes)
[    0.029512] Mountpoint-cache hash table entries: 16384 (order: 5, 131072 bytes)
[    0.029927] CPU: Physical Processor ID: 0
[    0.029928] CPU: Processor Core ID: 0
[    0.029936] ENERGY_PERF_BIAS: Set to 'normal', was 'performance'
[    0.029936] ENERGY_PERF_BIAS: View and update with x86_energy_perf_policy(8)
[    0.029942] mce: CPU supports 7 MCE banks
[    0.029955] CPU0: Thermal monitoring enabled (TM1)
[    0.029974] process: using mwait in idle threads
[    0.029979] Last level iTLB entries: 4KB 512, 2MB 8, 4MB 8
[    0.029980] Last level dTLB entries: 4KB 512, 2MB 32, 4MB 32, 1GB 0
[    0.030797] Freeing SMP alternatives memory: 24K (ffffffff84c1c000 - ffffffff84c22000)
[    0.034995] ftrace: allocating 22556 entries in 89 pages
[    0.055109] smpboot: APIC(0) Converting physical 0 to logical package 0
[    0.055111] smpboot: Max logical packages: 4
[    0.055193] x2apic: IRQ remapping doesn't support X2APIC mode
[    0.055686] ..TIMER: vector=0x30 apic1=0 pin1=2 apic2=-1 pin2=-1
[    0.065699] TSC deadline timer enabled
[    0.065704] smpboot: CPU0: Intel(R) Core(TM) i5-3230M CPU @ 2.60GHz (family: 0x6, model: 0x3a, stepping: 0x9)
[    0.065710] Performance Events: PEBS fmt1+, IvyBridge events, 16-deep LBR, full-width counters, Intel PMU driver.
[    0.065755] ... version:                3
[    0.065756] ... bit width:              48
[    0.065757] ... generic registers:      4
[    0.065758] ... value mask:             0000ffffffffffff
[    0.065759] ... max period:             0000ffffffffffff
[    0.065760] ... fixed-purpose events:   3
[    0.065761] ... event mask:             000000070000000f
[    0.066214] x86: Booting SMP configuration:
[    0.066216] .... node  #0, CPUs:      #1 #2 #3
[    0.253182] x86: Booted up 1 node, 4 CPUs
[    0.253186] smpboot: Total of 4 processors activated (20779.95 BogoMIPS)
[    0.259193] devtmpfs: initialized
[    0.259472] PM: Registering ACPI NVS region [mem 0xdae9f000-0xdaf9efff] (1048576 bytes)
[    0.259585] clocksource: jiffies: mask: 0xffffffff max_cycles: 0xffffffff, max_idle_ns: 1911260446275000 ns
[    0.259642] pinctrl core: initialized pinctrl subsystem
[    0.259933] NET: Registered protocol family 16
[    0.264824] cpuidle: using governor menu
[    0.264866] ACPI FADT declares the system doesn't support PCIe ASPM, so disable it
[    0.264867] ACPI: bus type PCI registered
[    0.265126] PCI: MMCONFIG for domain 0000 [bus 00-3f] at [mem 0xf8000000-0xfbffffff] (base 0xf8000000)
[    0.265129] PCI: MMCONFIG at [mem 0xf8000000-0xfbffffff] reserved in E820
[    0.265138] PCI: Using configuration type 1 for base access
[    0.265201] core: PMU erratum BJ122, BV98, HSD29 worked around, HT is on
[    0.270005] HugeTLB registered 2 MB page size, pre-allocated 0 pages
[    0.270299] ACPI: Added _OSI(Module Device)
[    0.270301] ACPI: Added _OSI(Processor Device)
[    0.270302] ACPI: Added _OSI(3.0 _SCP Extensions)
[    0.270303] ACPI: Added _OSI(Processor Aggregator Device)
[    0.270311] ACPI : EC: EC description table is found, configuring boot EC
[    0.270313] ACPI : EC: EC started
[    0.276755] ACPI: [Firmware Bug]: BIOS _OSI(Linux) query ignored
[    0.328089] ACPI: Dynamic OEM Table Load:
[    0.328107] ACPI: SSDT 0xFFFF8EEFD4F8F000 000A01 (v01 PmRef  Cpu0Cst  00003001 INTL 20061109)
[    0.329131] ACPI: Dynamic OEM Table Load:
[    0.329143] ACPI: SSDT 0xFFFF8EEFD4831000 000303 (v01 PmRef  ApIst    00003000 INTL 20061109)
[    0.330026] ACPI: Dynamic OEM Table Load:
[    0.330036] ACPI: SSDT 0xFFFF8EEFD4800800 000119 (v01 PmRef  ApCst    00003000 INTL 20061109)
[    0.331733] ACPI : EC: EC stopped
[    0.331967] ACPI : EC: EC started
[    0.332241] ACPI: Interpreter enabled
[    0.332274] ACPI: (supports S0 S3 S4 S5)
[    0.332276] ACPI: Using IOAPIC for interrupt routing
[    0.332313] PCI: Using host bridge windows from ACPI; if necessary, use "pci=nocrs" and report a bug
[    0.336849] ACPI: Power Resource [PUBS] (on)
[    0.337560] acpi PNP0C0A:01: ACPI dock station (docks/bays count: 1)
[    0.339288] acpi LNXIOBAY:00: ACPI dock station (docks/bays count: 2)
[    0.343088] ACPI: PCI Interrupt Link [LNKA] (IRQs 3 4 5 6 7 9 10 *11)
[    0.343231] ACPI: PCI Interrupt Link [LNKB] (IRQs 3 4 5 6 *7 9 10 11)
[    0.343370] ACPI: PCI Interrupt Link [LNKC] (IRQs 3 4 5 6 7 9 10 *11)
[    0.343507] ACPI: PCI Interrupt Link [LNKD] (IRQs 3 4 5 6 7 9 *10 11)
[    0.343645] ACPI: PCI Interrupt Link [LNKE] (IRQs 3 4 5 6 7 9 10 *11)
[    0.343783] ACPI: PCI Interrupt Link [LNKF] (IRQs 3 4 5 6 *7 9 10 11)
[    0.343917] ACPI: PCI Interrupt Link [LNKG] (IRQs 3 4 5 6 7 9 *10 11)
[    0.344064] ACPI: PCI Interrupt Link [LNKH] (IRQs 3 4 5 6 7 9 *10 11)
[    0.344220] ACPI: PCI Root Bridge [PCI0] (domain 0000 [bus 00-3f])
[    0.344226] acpi PNP0A08:00: _OSC: OS supports [ExtendedConfig ASPM ClockPM Segments MSI]
[    0.344415] acpi PNP0A08:00: _OSC: platform does not support [PCIeCapability]
[    0.344498] acpi PNP0A08:00: _OSC: not requesting control; platform does not support [PCIeCapability]
[    0.344501] acpi PNP0A08:00: _OSC: OS requested [PCIeHotplug PME AER PCIeCapability]
[    0.344504] acpi PNP0A08:00: _OSC: platform willing to grant [PCIeHotplug PME AER]
[    0.344506] acpi PNP0A08:00: _OSC failed (AE_SUPPORT); disabling ASPM
[    0.344603] PCI host bridge to bus 0000:00
[    0.344607] pci_bus 0000:00: root bus resource [io  0x0000-0x0cf7 window]
[    0.344609] pci_bus 0000:00: root bus resource [io  0x0d00-0xffff window]
[    0.344612] pci_bus 0000:00: root bus resource [mem 0x000a0000-0x000bffff window]
[    0.344614] pci_bus 0000:00: root bus resource [mem 0xdfa00000-0xfebfffff window]
[    0.344616] pci_bus 0000:00: root bus resource [mem 0xfed40000-0xfed4bfff window]
[    0.344619] pci_bus 0000:00: root bus resource [bus 00-3f]
[    0.344632] pci 0000:00:00.0: [8086:0154] type 00 class 0x060000
[    0.344773] pci 0000:00:02.0: [8086:0166] type 00 class 0x030000
[    0.344789] pci 0000:00:02.0: reg 0x10: [mem 0xf0000000-0xf03fffff 64bit]
[    0.344799] pci 0000:00:02.0: reg 0x18: [mem 0xe0000000-0xefffffff 64bit pref]
[    0.344806] pci 0000:00:02.0: reg 0x20: [io  0x5000-0x503f]
[    0.344982] pci 0000:00:14.0: [8086:1e31] type 00 class 0x0c0330
[    0.345020] pci 0000:00:14.0: reg 0x10: [mem 0xf2520000-0xf252ffff 64bit]
[    0.345172] pci 0000:00:14.0: PME# supported from D3hot D3cold
[    0.345229] pci 0000:00:14.0: System wakeup disabled by ACPI
[    0.345302] pci 0000:00:16.0: [8086:1e3a] type 00 class 0x078000
[    0.345340] pci 0000:00:16.0: reg 0x10: [mem 0xf2535000-0xf253500f 64bit]
[    0.345478] pci 0000:00:16.0: PME# supported from D0 D3hot D3cold
[    0.345605] pci 0000:00:19.0: [8086:1502] type 00 class 0x020000
[    0.345634] pci 0000:00:19.0: reg 0x10: [mem 0xf2500000-0xf251ffff]
[    0.345650] pci 0000:00:19.0: reg 0x14: [mem 0xf253b000-0xf253bfff]
[    0.345667] pci 0000:00:19.0: reg 0x18: [io  0x5080-0x509f]
[    0.345779] pci 0000:00:19.0: PME# supported from D0 D3hot D3cold
[    0.345832] pci 0000:00:19.0: System wakeup disabled by ACPI
[    0.345904] pci 0000:00:1a.0: [8086:1e2d] type 00 class 0x0c0320
[    0.345934] pci 0000:00:1a.0: reg 0x10: [mem 0xf253a000-0xf253a3ff]
[    0.346089] pci 0000:00:1a.0: PME# supported from D0 D3hot D3cold
[    0.346143] pci 0000:00:1a.0: System wakeup disabled by ACPI
[    0.346214] pci 0000:00:1b.0: [8086:1e20] type 00 class 0x040300
[    0.346246] pci 0000:00:1b.0: reg 0x10: [mem 0xf2530000-0xf2533fff 64bit]
[    0.346390] pci 0000:00:1b.0: PME# supported from D0 D3hot D3cold
[    0.346457] pci 0000:00:1b.0: System wakeup disabled by ACPI
[    0.346531] pci 0000:00:1c.0: [8086:1e10] type 01 class 0x060400
[    0.346685] pci 0000:00:1c.0: PME# supported from D0 D3hot D3cold
[    0.346816] pci 0000:00:1c.1: [8086:1e12] type 01 class 0x060400
[    0.346969] pci 0000:00:1c.1: PME# supported from D0 D3hot D3cold
[    0.347101] pci 0000:00:1c.2: [8086:1e14] type 01 class 0x060400
[    0.347255] pci 0000:00:1c.2: PME# supported from D0 D3hot D3cold
[    0.347316] pci 0000:00:1c.2: System wakeup disabled by ACPI
[    0.347398] pci 0000:00:1d.0: [8086:1e26] type 00 class 0x0c0320
[    0.347429] pci 0000:00:1d.0: reg 0x10: [mem 0xf2539000-0xf25393ff]
[    0.347587] pci 0000:00:1d.0: PME# supported from D0 D3hot D3cold
[    0.347640] pci 0000:00:1d.0: System wakeup disabled by ACPI
[    0.347708] pci 0000:00:1f.0: [8086:1e55] type 00 class 0x060100
[    0.347975] pci 0000:00:1f.2: [8086:1e03] type 00 class 0x010601
[    0.348007] pci 0000:00:1f.2: reg 0x10: [io  0x50a8-0x50af]
[    0.348023] pci 0000:00:1f.2: reg 0x14: [io  0x50b4-0x50b7]
[    0.348040] pci 0000:00:1f.2: reg 0x18: [io  0x50a0-0x50a7]
[    0.348063] pci 0000:00:1f.2: reg 0x1c: [io  0x50b0-0x50b3]
[    0.348079] pci 0000:00:1f.2: reg 0x20: [io  0x5060-0x507f]
[    0.348095] pci 0000:00:1f.2: reg 0x24: [mem 0xf2538000-0xf25387ff]
[    0.348193] pci 0000:00:1f.2: PME# supported from D3hot
[    0.348306] pci 0000:00:1f.3: [8086:1e22] type 00 class 0x0c0500
[    0.348338] pci 0000:00:1f.3: reg 0x10: [mem 0xf2534000-0xf25340ff 64bit]
[    0.348383] pci 0000:00:1f.3: reg 0x20: [io  0xefa0-0xefbf]
[    0.348742] pci 0000:02:00.0: [1180:e823] type 00 class 0x088001
[    0.348767] pci 0000:02:00.0: MMC controller base frequency changed to 50Mhz.
[    0.348797] pci 0000:02:00.0: reg 0x10: [mem 0xf1d00000-0xf1d000ff]
[    0.349068] pci 0000:02:00.0: supports D1 D2
[    0.349070] pci 0000:02:00.0: PME# supported from D0 D1 D2 D3hot D3cold
[    0.352310] pci 0000:00:1c.0: PCI bridge to [bus 02]
[    0.352317] pci 0000:00:1c.0:   bridge window [io  0x4000-0x4fff]
[    0.352323] pci 0000:00:1c.0:   bridge window [mem 0xf1d00000-0xf24fffff]
[    0.352333] pci 0000:00:1c.0:   bridge window [mem 0xf0400000-0xf0bfffff 64bit pref]
[    0.352671] pci 0000:03:00.0: [8086:0085] type 00 class 0x028000
[    0.353031] pci 0000:03:00.0: reg 0x10: [mem 0xf1c00000-0xf1c01fff 64bit]
[    0.354684] pci 0000:03:00.0: PME# supported from D0 D3hot D3cold
[    0.357254] pci 0000:00:1c.1: PCI bridge to [bus 03]
[    0.357264] pci 0000:00:1c.1:   bridge window [mem 0xf1c00000-0xf1cfffff]
[    0.357358] pci 0000:00:1c.2: PCI bridge to [bus 04-0b]
[    0.357363] pci 0000:00:1c.2:   bridge window [io  0x3000-0x3fff]
[    0.357370] pci 0000:00:1c.2:   bridge window [mem 0xf1400000-0xf1bfffff]
[    0.357380] pci 0000:00:1c.2:   bridge window [mem 0xf0c00000-0xf13fffff 64bit pref]
[    0.358687] ACPI: Enabled 4 GPEs in block 00 to 3F
[    0.358763] ACPI : EC: EC stopped
[    0.358850] ACPI : EC: GPE = 0x11, I/O: command/status = 0x66, data = 0x62
[    0.358851] ACPI : EC: EC started
[    0.359250] vgaarb: setting as boot device: PCI:0000:00:02.0
[    0.359253] vgaarb: device added: PCI:0000:00:02.0,decodes=io+mem,owns=io+mem,locks=none
[    0.359257] vgaarb: loaded
[    0.359258] vgaarb: bridge control possible 0000:00:02.0
[    0.359350] PCI: Using ACPI for IRQ routing
[    0.363087] PCI: pci_cache_line_size set to 64 bytes
[    0.363575] e820: reserve RAM buffer [mem 0x0009d800-0x0009ffff]
[    0.363577] e820: reserve RAM buffer [mem 0x40004000-0x43ffffff]
[    0.363579] e820: reserve RAM buffer [mem 0xcee0c000-0xcfffffff]
[    0.363580] e820: reserve RAM buffer [mem 0x21e600000-0x21fffffff]
[    0.363738] NetLabel: Initializing
[    0.363739] NetLabel:  domain hash size = 128
[    0.363740] NetLabel:  protocols = UNLABELED CIPSOv4
[    0.363763] NetLabel:  unlabeled traffic allowed by default
[    0.363855] hpet0: at MMIO 0xfed00000, IRQs 2, 8, 0, 0, 0, 0, 0, 0
[    0.363864] hpet0: 8 comparators, 64-bit 14.318180 MHz counter
[    0.366915] clocksource: Switched to clocksource hpet
[    0.375825] VFS: Disk quotas dquot_6.6.0
[    0.375854] VFS: Dquot-cache hash table entries: 512 (order 0, 4096 bytes)
[    0.375966] AppArmor: AppArmor Filesystem Enabled
[    0.376025] pnp: PnP ACPI init
[    0.376724] system 00:00: [mem 0x00000000-0x0009ffff] could not be reserved
[    0.376727] system 00:00: [mem 0x000c0000-0x000c3fff] could not be reserved
[    0.376729] system 00:00: [mem 0x000c4000-0x000c7fff] could not be reserved
[    0.376732] system 00:00: [mem 0x000c8000-0x000cbfff] has been reserved
[    0.376734] system 00:00: [mem 0x000cc000-0x000cffff] has been reserved
[    0.376736] system 00:00: [mem 0x000d0000-0x000d3fff] has been reserved
[    0.376743] system 00:00: [mem 0x000d4000-0x000d7fff] has been reserved
[    0.376745] system 00:00: [mem 0x000d8000-0x000dbfff] has been reserved
[    0.376747] system 00:00: [mem 0x000dc000-0x000dffff] has been reserved
[    0.376750] system 00:00: [mem 0x000e0000-0x000e3fff] could not be reserved
[    0.376752] system 00:00: [mem 0x000e4000-0x000e7fff] could not be reserved
[    0.376754] system 00:00: [mem 0x000e8000-0x000ebfff] could not be reserved
[    0.376757] system 00:00: [mem 0x000ec000-0x000effff] could not be reserved
[    0.376759] system 00:00: [mem 0x000f0000-0x000fffff] could not be reserved
[    0.376762] system 00:00: [mem 0x00100000-0xdf9fffff] could not be reserved
[    0.376765] system 00:00: [mem 0xfec00000-0xfed3ffff] could not be reserved
[    0.376767] system 00:00: [mem 0xfed4c000-0xffffffff] could not be reserved
[    0.376773] system 00:00: Plug and Play ACPI device, IDs PNP0c01 (active)
[    0.376930] pnp 00:01: [Firmware Bug]: PNP resource [mem 0xfed10000-0xfed13fff] covers only part of 0000:00:00.0 Intel MCH; extending to [mem 0xfed10000-0xfed17fff]
[    0.376966] system 00:01: [io  0x0400-0x047f] has been reserved
[    0.376969] system 00:01: [io  0x0500-0x057f] has been reserved
[    0.376971] system 00:01: [io  0x0800-0x080f] has been reserved
[    0.376974] system 00:01: [io  0x15e0-0x15ef] has been reserved
[    0.376976] system 00:01: [io  0x1600-0x167f] has been reserved
[    0.376979] system 00:01: [mem 0xf8000000-0xfbffffff] has been reserved
[    0.376982] system 00:01: [mem 0xfffff000-0xffffffff] has been reserved
[    0.376985] system 00:01: [mem 0xfed1c000-0xfed1ffff] has been reserved
[    0.376987] system 00:01: [mem 0xfed10000-0xfed17fff] has been reserved
[    0.376990] system 00:01: [mem 0xfed18000-0xfed18fff] has been reserved
[    0.376992] system 00:01: [mem 0xfed19000-0xfed19fff] has been reserved
[    0.376995] system 00:01: [mem 0xfed45000-0xfed4bfff] has been reserved
[    0.376999] system 00:01: Plug and Play ACPI device, IDs PNP0c02 (active)
[    0.377087] pnp 00:02: Plug and Play ACPI device, IDs PNP0b00 (active)
[    0.377129] pnp 00:03: Plug and Play ACPI device, IDs LEN0071 PNP0303 (active)
[    0.377169] pnp 00:04: Plug and Play ACPI device, IDs LEN0015 PNP0f13 (active)
[    0.377248] pnp 00:05: Plug and Play ACPI device, IDs SMO1200 PNP0c31 (active)
[    0.377856] pnp: PnP ACPI: found 6 devices
[    0.385596] clocksource: acpi_pm: mask: 0xffffff max_cycles: 0xffffff, max_idle_ns: 2085701024 ns
[    0.385655] pci 0000:00:1c.0: PCI bridge to [bus 02]
[    0.385663] pci 0000:00:1c.0:   bridge window [io  0x4000-0x4fff]
[    0.385672] pci 0000:00:1c.0:   bridge window [mem 0xf1d00000-0xf24fffff]
[    0.385679] pci 0000:00:1c.0:   bridge window [mem 0xf0400000-0xf0bfffff 64bit pref]
[    0.385690] pci 0000:00:1c.1: PCI bridge to [bus 03]
[    0.385698] pci 0000:00:1c.1:   bridge window [mem 0xf1c00000-0xf1cfffff]
[    0.385713] pci 0000:00:1c.2: PCI bridge to [bus 04-0b]
[    0.385717] pci 0000:00:1c.2:   bridge window [io  0x3000-0x3fff]
[    0.385725] pci 0000:00:1c.2:   bridge window [mem 0xf1400000-0xf1bfffff]
[    0.385731] pci 0000:00:1c.2:   bridge window [mem 0xf0c00000-0xf13fffff 64bit pref]
[    0.385744] pci_bus 0000:00: resource 4 [io  0x0000-0x0cf7 window]
[    0.385747] pci_bus 0000:00: resource 5 [io  0x0d00-0xffff window]
[    0.385749] pci_bus 0000:00: resource 6 [mem 0x000a0000-0x000bffff window]
[    0.385751] pci_bus 0000:00: resource 7 [mem 0xdfa00000-0xfebfffff window]
[    0.385753] pci_bus 0000:00: resource 8 [mem 0xfed40000-0xfed4bfff window]
[    0.385756] pci_bus 0000:02: resource 0 [io  0x4000-0x4fff]
[    0.385758] pci_bus 0000:02: resource 1 [mem 0xf1d00000-0xf24fffff]
[    0.385760] pci_bus 0000:02: resource 2 [mem 0xf0400000-0xf0bfffff 64bit pref]
[    0.385762] pci_bus 0000:03: resource 1 [mem 0xf1c00000-0xf1cfffff]
[    0.385765] pci_bus 0000:04: resource 0 [io  0x3000-0x3fff]
[    0.385767] pci_bus 0000:04: resource 1 [mem 0xf1400000-0xf1bfffff]
[    0.385769] pci_bus 0000:04: resource 2 [mem 0xf0c00000-0xf13fffff 64bit pref]
[    0.385811] NET: Registered protocol family 2
[    0.386080] TCP established hash table entries: 65536 (order: 7, 524288 bytes)
[    0.386313] TCP bind hash table entries: 65536 (order: 8, 1048576 bytes)
[    0.386505] TCP: Hash tables configured (established 65536 bind 65536)
[    0.386544] UDP hash table entries: 4096 (order: 5, 131072 bytes)
[    0.386584] UDP-Lite hash table entries: 4096 (order: 5, 131072 bytes)
[    0.386674] NET: Registered protocol family 1
[    0.386694] pci 0000:00:02.0: Video device with shadowed ROM at [mem 0x000c0000-0x000dffff]
[    0.387459] PCI: CLS 64 bytes, default 64
[    0.387540] Unpacking initramfs...
[    0.545861] Freeing initrd memory: 5876K (ffff8eedf7475000 - ffff8eedf7a32000)
[    0.545866] PCI-DMA: Using software bounce buffering for IO (SWIOTLB)
[    0.545869] software IO TLB [mem 0xcae0c000-0xcee0c000] (64MB) mapped at [ffff8eee8ae0c000-ffff8eee8ee0bfff]
[    0.546045] Scanning for low memory corruption every 60 seconds
[    0.546556] futex hash table entries: 2048 (order: 5, 131072 bytes)
[    0.546595] audit: initializing netlink subsys (disabled)
[    0.546621] audit: type=2000 audit(1480675918.528:1): initialized
[    0.547250] workingset: timestamp_bits=40 max_order=21 bucket_order=0
[    0.549957] zbud: loaded
[    0.550836] Block layer SCSI generic (bsg) driver version 0.4 loaded (major 251)
[    0.550887] io scheduler noop registered
[    0.550899] io scheduler cfq registered (default)
[    0.551568] pci_hotplug: PCI Hot Plug PCI Core version: 0.5
[    0.551575] pciehp: PCI Express Hot Plug Controller Driver version: 0.4
[    0.551596] intel_idle: MWAIT substates: 0x21120
[    0.551597] intel_idle: v0.4.1 model 0x3A
[    0.551855] intel_idle: lapic_timer_reliable_states 0xffffffff
[    0.552237] Serial: 8250/16550 driver, 4 ports, IRQ sharing enabled
[    0.553395] intel_pstate: Intel P-state driver initializing
[    0.554006] microcode: sig=0x306a9, pf=0x10, revision=0x17
[    0.554102] microcode: Microcode Update Driver: v2.01 <tigran@aivazian.fsnet.co.uk>, Peter Oruba
[    0.554288] registered taskstats version 1
[    0.554310] zswap: loaded using pool lzo/zbud
[    0.554481] AppArmor: AppArmor sha1 policy hashing enabled
[    0.555319] PM: Hibernation image not present or could not be loaded.
[    0.557160] Freeing unused kernel memory: 1264K (ffffffff84ae0000 - ffffffff84c1c000)
[    0.557162] Write protecting the kernel read-only data: 8192k
[    0.557600] Freeing unused kernel memory: 720K (ffff8eef8f34c000 - ffff8eef8f400000)
[    0.558576] Freeing unused kernel memory: 228K (ffff8eef8f5c7000 - ffff8eef8f600000)
[    0.578632] stage-1-init: loading module dm_mod...
[    0.584374] device-mapper: ioctl: 4.35.0-ioctl (2016-06-23) initialised: dm-devel@redhat.com
[    0.584551] stage-1-init: running udev...
[    0.587202] systemd-udevd[93]: starting version 231
[    0.587540] random: systemd-udevd: uninitialized urandom read (16 bytes read)
[    0.587577] random: systemd-udevd: uninitialized urandom read (16 bytes read)
[    0.587584] random: systemd-udevd: uninitialized urandom read (16 bytes read)
[    0.588410] random: udevadm: uninitialized urandom read (16 bytes read)
[    0.588433] random: udevadm: uninitialized urandom read (16 bytes read)
[    0.589421] random: udevadm: uninitialized urandom read (16 bytes read)
[    0.589460] random: udevadm: uninitialized urandom read (16 bytes read)
[    0.589493] random: udevadm: uninitialized urandom read (16 bytes read)
[    0.589529] random: udevadm: uninitialized urandom read (16 bytes read)
[    0.589562] random: udevadm: uninitialized urandom read (16 bytes read)
[    0.605609] rtc_cmos 00:02: RTC can wake from S4
[    0.605771] rtc_cmos 00:02: rtc core: registered rtc_cmos as rtc0
[    0.605807] rtc_cmos 00:02: alarms up to one month, y3k, 114 bytes nvram, hpet irqs
[    0.606872] i8042: PNP: PS/2 Controller [PNP0303:KBD,PNP0f13:MOU] at 0x60,0x64 irq 1,12
[    0.608696] serio: i8042 KBD port at 0x60,0x64 irq 1
[    0.608702] serio: i8042 AUX port at 0x60,0x64 irq 12
[    0.624517] sdhci: Secure Digital Host Controller Interface driver
[    0.624518] sdhci: Copyright(c) Pierre Ossman
[    0.624524] ACPI: bus type USB registered
[    0.624552] usbcore: registered new interface driver usbfs
[    0.624564] usbcore: registered new interface driver hub
[    0.624591] usbcore: registered new device driver usb
[    0.626097] sdhci-pci 0000:02:00.0: SDHCI controller found [1180:e823] (rev 4)
[    0.629157] mmc0: SDHCI controller on PCI [0000:02:00.0] using DMA
[    0.633077] xhci_hcd 0000:00:14.0: xHCI Host Controller
[    0.633086] xhci_hcd 0000:00:14.0: new USB bus registered, assigned bus number 1
[    0.633707] SCSI subsystem initialized
[    0.633712] ehci_hcd: USB 2.0 'Enhanced' Host Controller (EHCI) Driver
[    0.634196] xhci_hcd 0000:00:14.0: hcc params 0x20007181 hci version 0x100 quirks 0x0000b930
[    0.634202] xhci_hcd 0000:00:14.0: cache line size of 64 is not supported
[    0.634310] usb usb1: New USB device found, idVendor=1d6b, idProduct=0002
[    0.634311] usb usb1: New USB device strings: Mfr=3, Product=2, SerialNumber=1
[    0.634313] usb usb1: Product: xHCI Host Controller
[    0.634314] usb usb1: Manufacturer: Linux 4.8.6 xhci-hcd
[    0.634315] usb usb1: SerialNumber: 0000:00:14.0
[    0.634464] hub 1-0:1.0: USB hub found
[    0.634476] hub 1-0:1.0: 4 ports detected
[    0.635002] xhci_hcd 0000:00:14.0: xHCI Host Controller
[    0.635006] xhci_hcd 0000:00:14.0: new USB bus registered, assigned bus number 2
[    0.635050] usb usb2: New USB device found, idVendor=1d6b, idProduct=0003
[    0.635052] usb usb2: New USB device strings: Mfr=3, Product=2, SerialNumber=1
[    0.635053] usb usb2: Product: xHCI Host Controller
[    0.635054] usb usb2: Manufacturer: Linux 4.8.6 xhci-hcd
[    0.635055] usb usb2: SerialNumber: 0000:00:14.0
[    0.635180] hub 2-0:1.0: USB hub found
[    0.635193] hub 2-0:1.0: 4 ports detected
[    0.636296] ehci-pci: EHCI PCI platform driver
[    0.636392] ehci-pci 0000:00:1a.0: EHCI Host Controller
[    0.636397] ehci-pci 0000:00:1a.0: new USB bus registered, assigned bus number 3
[    0.636411] ehci-pci 0000:00:1a.0: debug port 2
[    0.640318] ehci-pci 0000:00:1a.0: cache line size of 64 is not supported
[    0.640330] ehci-pci 0000:00:1a.0: irq 16, io mem 0xf253a000
[    0.646935] ehci-pci 0000:00:1a.0: USB 2.0 started, EHCI 1.00
[    0.646978] usb usb3: New USB device found, idVendor=1d6b, idProduct=0002
[    0.646979] usb usb3: New USB device strings: Mfr=3, Product=2, SerialNumber=1
[    0.646981] usb usb3: Product: EHCI Host Controller
[    0.646982] usb usb3: Manufacturer: Linux 4.8.6 ehci_hcd
[    0.646983] usb usb3: SerialNumber: 0000:00:1a.0
[    0.647126] hub 3-0:1.0: USB hub found
[    0.647131] hub 3-0:1.0: 3 ports detected
[    0.647421] ehci-pci 0000:00:1d.0: EHCI Host Controller
[    0.647426] ehci-pci 0000:00:1d.0: new USB bus registered, assigned bus number 4
[    0.647430] libata version 3.00 loaded.
[    0.647441] ehci-pci 0000:00:1d.0: debug port 2
[    0.651335] ehci-pci 0000:00:1d.0: cache line size of 64 is not supported
[    0.651350] ehci-pci 0000:00:1d.0: irq 23, io mem 0xf2539000
[    0.654602] input: AT Translated Set 2 keyboard as /devices/platform/i8042/serio0/input/input0
[    0.657939] ehci-pci 0000:00:1d.0: USB 2.0 started, EHCI 1.00
[    0.657998] usb usb4: New USB device found, idVendor=1d6b, idProduct=0002
[    0.657999] usb usb4: New USB device strings: Mfr=3, Product=2, SerialNumber=1
[    0.658000] usb usb4: Product: EHCI Host Controller
[    0.658000] usb usb4: Manufacturer: Linux 4.8.6 ehci_hcd
[    0.658001] usb usb4: SerialNumber: 0000:00:1d.0
[    0.658217] hub 4-0:1.0: USB hub found
[    0.658222] hub 4-0:1.0: 3 ports detected
[    0.658371] ahci 0000:00:1f.2: version 3.0
[    0.658537] ahci 0000:00:1f.2: SSS flag set, parallel bus scan disabled
[    0.668720] ahci 0000:00:1f.2: AHCI 0001.0300 32 slots 6 ports 6 Gbps 0x13 impl SATA mode
[    0.668722] ahci 0000:00:1f.2: flags: 64bit ncq ilck stag pm led clo pio slum part ems sxs apst 
[    0.674621] scsi host0: ahci
[    0.674725] scsi host1: ahci
[    0.674808] scsi host2: ahci
[    0.674897] scsi host3: ahci
[    0.674995] scsi host4: ahci
[    0.675082] scsi host5: ahci
[    0.675121] ata1: SATA max UDMA/133 abar m2048@0xf2538000 port 0xf2538100 irq 25
[    0.675123] ata2: SATA max UDMA/133 abar m2048@0xf2538000 port 0xf2538180 irq 25
[    0.675124] ata3: DUMMY
[    0.675125] ata4: DUMMY
[    0.675127] ata5: SATA max UDMA/133 abar m2048@0xf2538000 port 0xf2538300 irq 25
[    0.675127] ata6: DUMMY
[    0.959933] usb 3-1: new high-speed USB device number 2 using ehci-pci
[    0.967977] usb 4-1: new high-speed USB device number 2 using ehci-pci
[    0.981409] ata1: SATA link up 6.0 Gbps (SStatus 133 SControl 300)
[    0.994239] ata1.00: ACPI cmd ef/02:00:00:00:00:a0 (SET FEATURES) succeeded
[    0.994245] ata1.00: ACPI cmd f5/00:00:00:00:00:a0 (SECURITY FREEZE LOCK) filtered out
[    0.996014] usb 1-2: new low-speed USB device number 2 using xhci_hcd
[    1.004243] ata1.00: ATA-9: INTEL SSDSC2BF180A4L, LADi, max UDMA/133
[    1.004245] ata1.00: 351651888 sectors, multi 16: LBA48 NCQ (depth 31/32), AA
[    1.024245] ata1.00: ACPI cmd ef/02:00:00:00:00:a0 (SET FEATURES) succeeded
[    1.024248] ata1.00: ACPI cmd f5/00:00:00:00:00:a0 (SECURITY FREEZE LOCK) filtered out
[    1.042479] ata1.00: configured for UDMA/133
[    1.042814] scsi 0:0:0:0: Direct-Access     ATA      INTEL SSDSC2BF18 LADi PQ: 0 ANSI: 5
[    1.078878] usb 3-1: New USB device found, idVendor=8087, idProduct=0024
[    1.078879] usb 3-1: New USB device strings: Mfr=0, Product=0, SerialNumber=0
[    1.079387] hub 3-1:1.0: USB hub found
[    1.079585] hub 3-1:1.0: 6 ports detected
[    1.086255] usb 4-1: New USB device found, idVendor=8087, idProduct=0024
[    1.086258] usb 4-1: New USB device strings: Mfr=0, Product=0, SerialNumber=0
[    1.086513] hub 4-1:1.0: USB hub found
[    1.086640] hub 4-1:1.0: 8 ports detected
[    1.204294] usb 1-2: New USB device found, idVendor=058f, idProduct=9410
[    1.204296] usb 1-2: New USB device strings: Mfr=1, Product=2, SerialNumber=0
[    1.204296] usb 1-2: Product: KB800 Kinesis Freestyle
[    1.204297] usb 1-2: Manufacturer: KINESIS FREESTYLE KB800
[    1.209337] hidraw: raw HID events driver (C) Jiri Kosina
[    1.233438] usbcore: registered new interface driver usbhid
[    1.233440] usbhid: USB HID core driver
[    1.234324] input: KINESIS FREESTYLE KB800 KB800 Kinesis Freestyle as /devices/pci0000:00/0000:00:14.0/usb1/1-2/1-2:1.0/0003:058F:9410.0001/input/input2
[    1.285995] hid-generic 0003:058F:9410.0001: input,hidraw0: USB HID v1.10 Keyboard [KINESIS FREESTYLE KB800 KB800 Kinesis Freestyle] on usb-0000:00:14.0-2/input0
[    1.286775] input: KINESIS FREESTYLE KB800 KB800 Kinesis Freestyle as /devices/pci0000:00/0000:00:14.0/usb1/1-2/1-2:1.1/0003:058F:9410.0002/input/input3
[    1.338170] hid-generic 0003:058F:9410.0002: input,hidraw1: USB HID v1.10 Device [KINESIS FREESTYLE KB800 KB800 Kinesis Freestyle] on usb-0000:00:14.0-2/input1
[    1.351998] usb 3-1.3: new full-speed USB device number 3 using ehci-pci
[    1.360956] usb 1-4: new high-speed USB device number 3 using xhci_hcd
[    1.366087] ata2: SATA link up 1.5 Gbps (SStatus 113 SControl 300)
[    1.368632] ata2.00: ACPI cmd e3/00:1f:00:00:00:a0 (IDLE) succeeded
[    1.368787] ata2.00: ACPI cmd e3/00:02:00:00:00:a0 (IDLE) succeeded
[    1.370817] ata2.00: ATAPI: HL-DT-ST DVDRAM GT80N, LT20, max UDMA/133
[    1.373861] ata2.00: ACPI cmd e3/00:1f:00:00:00:a0 (IDLE) succeeded
[    1.374034] ata2.00: ACPI cmd e3/00:02:00:00:00:a0 (IDLE) succeeded
[    1.376083] ata2.00: configured for UDMA/133
[    1.378723] scsi 1:0:0:0: CD-ROM            HL-DT-ST DVDRAM GT80N     LT20 PQ: 0 ANSI: 5
[    1.432653] usb 3-1.3: New USB device found, idVendor=147e, idProduct=2020
[    1.432655] usb 3-1.3: New USB device strings: Mfr=1, Product=2, SerialNumber=0
[    1.432656] usb 3-1.3: Product: Biometric Coprocessor
[    1.432657] usb 3-1.3: Manufacturer: Auth
[    1.497003] usb 3-1.4: new full-speed USB device number 4 using ehci-pci
[    1.532510] usb 1-4: New USB device found, idVendor=0bdb, idProduct=1926
[    1.532513] usb 1-4: New USB device strings: Mfr=1, Product=2, SerialNumber=3
[    1.532516] usb 1-4: Product: H5321 gw
[    1.532517] usb 1-4: Manufacturer: Lenovo
[    1.532519] usb 1-4: SerialNumber: 04623EAB44053DM0
[    1.576043] random: fast init done
[    1.580703] usb 3-1.4: New USB device found, idVendor=0a5c, idProduct=21e6
[    1.580705] usb 3-1.4: New USB device strings: Mfr=1, Product=2, SerialNumber=3
[    1.580705] usb 3-1.4: Product: BCM20702A0
[    1.580706] usb 3-1.4: Manufacturer: Broadcom Corp
[    1.580707] usb 3-1.4: SerialNumber: F82FA8EC54CB
[    1.583977] tsc: Refined TSC clocksource calibration: 2594.113 MHz
[    1.583991] clocksource: tsc: mask: 0xffffffffffffffff max_cycles: 0x256482ce717, max_idle_ns: 440795214544 ns
[    1.646010] usb 3-1.6: new high-speed USB device number 5 using ehci-pci
[    1.702424] ata5: SATA link down (SStatus 0 SControl 300)
[    1.707385] sd 0:0:0:0: [sda] 351651888 512-byte logical blocks: (180 GB/168 GiB)
[    1.707471] sd 0:0:0:0: [sda] Write Protect is off
[    1.707472] sd 0:0:0:0: [sda] Mode Sense: 00 3a 00 00
[    1.707498] sd 0:0:0:0: [sda] Write cache: enabled, read cache: enabled, doesn't support DPO or FUA
[    1.709593]  sda: sda1 sda2 sda3
[    1.709949] sd 0:0:0:0: [sda] Attached SCSI disk
[    1.719621] sr 1:0:0:0: [sr0] scsi3-mmc drive: 24x/24x writer dvd-ram cd/rw xa/form2 cdda tray
[    1.719623] cdrom: Uniform CD-ROM driver Revision: 3.20
[    1.719774] sr 1:0:0:0: Attached scsi CD-ROM sr0
[    1.734974] usb 3-1.6: New USB device found, idVendor=04f2, idProduct=b2da
[    1.734975] usb 3-1.6: New USB device strings: Mfr=1, Product=2, SerialNumber=0
[    1.734976] usb 3-1.6: Product: Integrated Camera
[    1.734977] usb 3-1.6: Manufacturer: Chicony Electronics Co., Ltd.
[    1.889855] stage-1-init: starting device mapper and LVM...
[    1.899217] stage-1-init: checking /dev/disk/by-uuid/eec86a4b-3ef6-4407-99c6-3b0fc5fc66b2...
[    1.899623] stage-1-init: fsck (busybox 1.25.1, )
[    1.899702] stage-1-init: [fsck.ext4 (1) -- /mnt-root/] fsck.ext4 -a /dev/disk/by-uuid/eec86a4b-3ef6-4407-99c6-3b0fc5fc66b2
[    1.902034] stage-1-init: rootnix: recovering journal
[    2.079424] stage-1-init: rootnix: Clearing orphaned inode 8149444 (uid=1000, gid=100, mode=0100600, size=0)
[    2.079656] stage-1-init: rootnix: Clearing orphaned inode 6837656 (uid=1000, gid=100, mode=0100600, size=4526)
[    2.079842] stage-1-init: rootnix: Clearing orphaned inode 6839362 (uid=1000, gid=100, mode=0100600, size=4499)
[    2.079898] stage-1-init: rootnix: Clearing orphaned inode 8149442 (uid=1000, gid=100, mode=0100600, size=2052)
[    2.079966] stage-1-init: rootnix: Clearing orphaned inode 8149441 (uid=1000, gid=100, mode=0100600, size=16400)
[    2.080336] stage-1-init: rootnix: clean, 2480777/10928128 files, 25236961/43705344 blocks
[    2.121699] stage-1-init: mounting /dev/disk/by-uuid/eec86a4b-3ef6-4407-99c6-3b0fc5fc66b2 on /...
[    2.165639] EXT4-fs (sda3): mounted filesystem with ordered data mode. Opts: (null)
[    2.256351] EXT4-fs (sda3): re-mounted. Opts: (null)
[    2.256570] booting system configuration /nix/store/r8r0rlr79ahjknd8dw7s0y13y98hh7sn-nixos-system-miniPeskNix-17.03pre95306.a24728f
[    2.291112] stage-2-init: running activation script...
[    2.299919] stage-2-init: setting up /etc...
[    2.591952] clocksource: Switched to clocksource tsc
[    2.770347] NET: Registered protocol family 10
[    2.773680] ip_tables: (C) 2000-2006 Netfilter Core Team
[    2.784798] systemd[1]: systemd 231 running in system mode. (+PAM +AUDIT -SELINUX +IMA +APPARMOR -SMACK -SYSVINIT +UTMP -LIBCRYPTSETUP +GCRYPT -GNUTLS +ACL +XZ +LZ4 +SECCOMP +BLKID -ELFUTILS +KMOD -IDN)
[    2.784914] systemd[1]: Detected architecture x86-64.
[    2.879226] systemd[1]: Listening on Journal Socket (/dev/log).
[    2.879623] systemd[1]: Started Dispatch Password Requests to Console Directory Watch.
[    2.879971] systemd[1]: Listening on udev Kernel Socket.
[    2.880314] systemd[1]: Started Forward Password Requests to Wall Directory Watch.
[    2.880634] systemd[1]: Reached target Paths.
[    2.880992] systemd[1]: Listening on /dev/initctl Compatibility Named Pipe.
[    2.881595] systemd[1]: Created slice User and Session Slice.
[    2.881946] systemd[1]: Listening on Journal Socket.
[    2.910287] audit: type=1130 audit(1480675920.892:2): pid=1 uid=0 auid=4294967295 ses=4294967295 msg='unit=kmod-static-nodes comm="systemd" exe="/nix/store/q6xx2j1diqy59fsl2lwzli0qfsh7fw6r-systemd-231/lib/systemd/systemd" hostname=? addr=? terminal=? res=success'
[    2.910421] EXT4-fs (sda3): re-mounted. Opts: (null)
[    2.911444] audit: type=1130 audit(1480675920.893:3): pid=1 uid=0 auid=4294967295 ses=4294967295 msg='unit=systemd-remount-fs comm="systemd" exe="/nix/store/q6xx2j1diqy59fsl2lwzli0qfsh7fw6r-systemd-231/lib/systemd/systemd" hostname=? addr=? terminal=? res=success'
[    2.918302] audit: type=1127 audit(1480675920.900:4): pid=549 uid=0 auid=4294967295 ses=4294967295 msg=' comm="systemd-update-utmp" exe="/nix/store/q6xx2j1diqy59fsl2lwzli0qfsh7fw6r-systemd-231/lib/systemd/systemd-update-utmp" hostname=? addr=? terminal=? res=success'
[    2.936100] audit: type=1130 audit(1480675920.918:5): pid=1 uid=0 auid=4294967295 ses=4294967295 msg='unit=systemd-udev-trigger comm="systemd" exe="/nix/store/q6xx2j1diqy59fsl2lwzli0qfsh7fw6r-systemd-231/lib/systemd/systemd" hostname=? addr=? terminal=? res=success'
[    2.941161] audit: type=1130 audit(1480675920.923:6): pid=1 uid=0 auid=4294967295 ses=4294967295 msg='unit=systemd-update-utmp comm="systemd" exe="/nix/store/q6xx2j1diqy59fsl2lwzli0qfsh7fw6r-systemd-231/lib/systemd/systemd" hostname=? addr=? terminal=? res=success'
[    2.942259] audit: type=1130 audit(1480675920.924:7): pid=1 uid=0 auid=4294967295 ses=4294967295 msg='unit=systemd-random-seed comm="systemd" exe="/nix/store/q6xx2j1diqy59fsl2lwzli0qfsh7fw6r-systemd-231/lib/systemd/systemd" hostname=? addr=? terminal=? res=success'
[    2.962988] systemd-journald[535]: File /var/log/journal/8475ded34b324db3b8512bb69c94fb60/system.journal corrupted or uncleanly shut down, renaming and replacing.
[    2.977691] audit: type=1130 audit(1480675920.959:8): pid=1 uid=0 auid=4294967295 ses=4294967295 msg='unit=systemd-tmpfiles-setup-dev comm="systemd" exe="/nix/store/q6xx2j1diqy59fsl2lwzli0qfsh7fw6r-systemd-231/lib/systemd/systemd" hostname=? addr=? terminal=? res=success'
[    3.039527] vboxdrv: loading out-of-tree module taints kernel.
[    3.041685] audit: type=1130 audit(1480675921.023:9): pid=1 uid=0 auid=4294967295 ses=4294967295 msg='unit=systemd-udevd comm="systemd" exe="/nix/store/q6xx2j1diqy59fsl2lwzli0qfsh7fw6r-systemd-231/lib/systemd/systemd" hostname=? addr=? terminal=? res=success'
[    3.041764] vboxdrv: Found 4 processor cores
[    3.059004] input: Lid Switch as /devices/LNXSYSTM:00/LNXSYBUS:00/PNP0C0D:00/input/input4
[    3.059135] ACPI: Lid Switch [LID]
[    3.059722] input: Sleep Button as /devices/LNXSYSTM:00/LNXSYBUS:00/PNP0C0E:00/input/input5
[    3.059725] ACPI: Sleep Button [SLPB]
[    3.059796] input: Power Button as /devices/LNXSYSTM:00/LNXPWRBN:00/input/input6
[    3.059798] ACPI: Power Button [PWRF]
[    3.062854] audit: type=1130 audit(1480675921.044:10): pid=1 uid=0 auid=4294967295 ses=4294967295 msg='unit=systemd-journald comm="systemd" exe="/nix/store/q6xx2j1diqy59fsl2lwzli0qfsh7fw6r-systemd-231/lib/systemd/systemd" hostname=? addr=? terminal=? res=success'
[    3.066016] vboxdrv: TSC mode is Invariant, tentative frequency 2594113202 Hz
[    3.066017] vboxdrv: Successfully loaded version 5.1.8 (interface 0x00280000)
[    3.067711] VBoxNetAdp: Successfully started.
[    3.069690] VBoxNetFlt: Successfully started.
[    3.075649] systemd-journald[535]: Received request to flush runtime journal from PID 1
[    3.076392] FUJITSU Extended Socket Network Device Driver - version 1.1 - Copyright (c) 2015 FUJITSU LIMITED
[    3.077979] ACPI: AC Adapter [AC] (on-line)
[    3.080523] loop: module loaded
[    3.081949] tpm_tis 00:05: 1.2 TPM (device-id 0x0, rev-id 78)
[    3.084915] ACPI: Battery Slot [BAT0] (battery present)
[    3.099491] thermal LNXTHERM:00: registered as thermal_zone0
[    3.099493] ACPI: Thermal Zone [THM0] (28 C)
[    3.136601] wmi: Mapper loaded
[    3.139530] PPP generic driver version 2.4.2
[    3.141973] pps_core: LinuxPPS API ver. 1 registered
[    3.141974] pps_core: Software ver. 5.3.6 - Copyright 2005-2007 Rodolfo Giometti <giometti@linux.it>
[    3.144107] PTP clock support registered
[    3.148313] Linux agpgart interface v0.103
[    3.151143] Non-volatile memory driver v1.3
[    3.156540] e1000e: Intel(R) PRO/1000 Network Driver - 3.2.6-k
[    3.156541] e1000e: Copyright(c) 1999 - 2015 Intel Corporation.
[    3.156702] e1000e 0000:00:19.0: Interrupt Throttling Rate (ints/sec) set to dynamic conservative mode
[    3.180630] PPP MPPE Compression module registered
[    3.187010] nf_conntrack version 0.5.0 (65536 buckets, 262144 max)
[    3.190104] thinkpad_acpi: ThinkPad ACPI Extras v0.25
[    3.190106] thinkpad_acpi: http://ibm-acpi.sf.net/
[    3.190107] thinkpad_acpi: ThinkPad BIOS G1ET93WW (2.53 ), EC unknown
[    3.190107] thinkpad_acpi: Lenovo ThinkPad T430, model 2349N5G
[    3.194103] thinkpad_acpi: radio switch found; radios are enabled
[    3.194205] thinkpad_acpi: This ThinkPad has standard ACPI backlight brightness control, supported by the ACPI video driver
[    3.194206] thinkpad_acpi: Disabling thinkpad-acpi brightness events by default...
[    3.195542] thinkpad_acpi: rfkill switch tpacpi_bluetooth_sw: radio is unblocked
[    3.196337] thinkpad_acpi: rfkill switch tpacpi_wwan_sw: radio is unblocked
[    3.207022] input: ThinkPad Extra Buttons as /devices/platform/thinkpad_acpi/input/input7
[    3.213491] [drm] Initialized drm 1.1.0 20060810
[    3.247459] ip6_tables: (C) 2000-2006 Netfilter Core Team
[    3.257542] cdc_wdm 1-4:1.5: cdc-wdm0: USB WDM device
[    3.257806] cdc_wdm 1-4:1.8: cdc-wdm1: USB WDM device
[    3.257827] usbcore: registered new interface driver cdc_wdm
[    3.257960] cdc_acm 1-4:1.1: ttyACM0: USB ACM device
[    3.258426] cdc_acm 1-4:1.3: ttyACM1: USB ACM device
[    3.259554] cdc_acm 1-4:1.9: ttyACM2: USB ACM device
[    3.274437] usbcore: registered new interface driver cdc_acm
[    3.274439] cdc_acm: USB Abstract Control Model driver for USB modems and ISDN adapters
[    3.279582] usbcore: registered new interface driver cdc_ncm
[    3.290883] Bluetooth: Core ver 2.21
[    3.290894] NET: Registered protocol family 31
[    3.290895] Bluetooth: HCI device and connection manager initialized
[    3.290898] Bluetooth: HCI socket layer initialized
[    3.290900] Bluetooth: L2CAP socket layer initialized
[    3.291131] Bluetooth: SCO socket layer initialized
[    3.305840] Linux video capture interface: v2.00
[    3.305962] e1000e 0000:00:19.0 0000:00:19.0 (uninitialized): registered PHC clock
[    3.312346] usbcore: registered new interface driver btusb
[    3.318398] cdc_mbim 1-4:1.6: cdc-wdm2: USB WDM device
[    3.318579] cdc_mbim 1-4:1.6 wwan0: register 'cdc_mbim' at usb-0000:00:14.0-4, CDC MBIM, 02:9d:b5:7a:24:93
[    3.318722] usbcore: registered new interface driver cdc_mbim
[    3.323801] Bluetooth: hci0: BCM: chip id 63
[    3.330102] uvcvideo: Found UVC 1.00 device Integrated Camera (04f2:b2da)
[    3.334200] RAPL PMU: API unit is 2^-32 Joules, 3 fixed counters, 163840 ms ovfl timer
[    3.334201] RAPL PMU: hw unit of domain pp0-core 2^-16 Joules
[    3.334202] RAPL PMU: hw unit of domain package 2^-16 Joules
[    3.334203] RAPL PMU: hw unit of domain pp1-gpu 2^-16 Joules
[    3.335471] input: Integrated Camera as /devices/pci0000:00/0000:00:1a.0/usb3/3-1/3-1.6/3-1.6:1.0/input/input9
[    3.336900] usbcore: registered new interface driver uvcvideo
[    3.336906] USB Video Class driver (1.1.1)
[    3.339711] Bluetooth: hci0: BCM20702A
[    3.340637] Bluetooth: hci0: BCM20702A1 (001.002.014) build 0000
[    3.344395] bluetooth hci0: Direct firmware load for brcm/BCM20702A1-0a5c-21e6.hcd failed with error -2
[    3.344398] Bluetooth: hci0: BCM: Patch brcm/BCM20702A1-0a5c-21e6.hcd not found
[    3.436807] e1000e 0000:00:19.0 eth0: (PCI Express:2.5GT/s:Width x1) 28:d2:44:24:ad:78
[    3.436810] e1000e 0000:00:19.0 eth0: Intel(R) PRO/1000 Network Connection
[    3.436858] e1000e 0000:00:19.0 eth0: MAC: 10, PHY: 11, PBA No: 1000FF-0FF
[    3.436896] shpchp: Standard Hot Plug PCI Controller Driver version: 0.4
[    3.439307] ACPI Warning: SystemIO range 0x0000000000000428-0x000000000000042F conflicts with OpRegion 0x0000000000000400-0x000000000000047F (\_SB.PCI0.LPC.PMIO) (20160422/utaddress-255)
[    3.439313] ACPI: If an ACPI driver is available for this device, you should use it instead of the native driver
[    3.439316] ACPI Warning: SystemIO range 0x0000000000000540-0x000000000000054F conflicts with OpRegion 0x0000000000000500-0x000000000000057F (\_SB.PCI0.LPC.LPIO) (20160422/utaddress-255)
[    3.439319] ACPI: If an ACPI driver is available for this device, you should use it instead of the native driver
[    3.439320] ACPI Warning: SystemIO range 0x0000000000000530-0x000000000000053F conflicts with OpRegion 0x0000000000000500-0x000000000000057F (\_SB.PCI0.LPC.LPIO) (20160422/utaddress-255)
[    3.439324] ACPI: If an ACPI driver is available for this device, you should use it instead of the native driver
[    3.439325] ACPI Warning: SystemIO range 0x0000000000000500-0x000000000000052F conflicts with OpRegion 0x0000000000000500-0x000000000000057F (\_SB.PCI0.LPC.LPIO) (20160422/utaddress-255)
[    3.439328] ACPI: If an ACPI driver is available for this device, you should use it instead of the native driver
[    3.439329] lpc_ich: Resource conflict(s) found affecting gpio_ich
[    3.440613] [drm] Memory usable by graphics device = 2048M
[    3.440614] [drm] Replacing VGA console driver
[    3.441101] Console: switching to colour dummy device 80x25
[    3.448416] [drm] Supports vblank timestamp caching Rev 2 (21.10.2013).
[    3.448417] [drm] Driver supports precise vblank timestamp query.
[    3.450305] vgaarb: device changed decodes: PCI:0000:00:02.0,olddecodes=io+mem,decodes=io+mem:owns=io+mem
[    3.465807] snd_hda_codec_realtek hdaudioC0D0: autoconfig for ALC3202: line_outs=1 (0x14/0x0/0x0/0x0/0x0) type:speaker
[    3.465809] snd_hda_codec_realtek hdaudioC0D0:    speaker_outs=0 (0x0/0x0/0x0/0x0/0x0)
[    3.465811] snd_hda_codec_realtek hdaudioC0D0:    hp_outs=2 (0x15/0x1b/0x0/0x0/0x0)
[    3.465812] snd_hda_codec_realtek hdaudioC0D0:    mono: mono_out=0x0
[    3.465813] snd_hda_codec_realtek hdaudioC0D0:    inputs:
[    3.465815] snd_hda_codec_realtek hdaudioC0D0:      Mic=0x18
[    3.465817] snd_hda_codec_realtek hdaudioC0D0:      Dock Mic=0x19
[    3.465818] snd_hda_codec_realtek hdaudioC0D0:      Internal Mic=0x12
[    3.481489] AVX version of gcm_enc/dec engaged.
[    3.481490] AES CTR mode by8 optimization enabled
[    3.504080] cdc_mbim 1-4:1.6 wwp0s20u4i6: renamed from wwan0
[    3.515459] e1000e 0000:00:19.0 enp0s25: renamed from eth0
[    3.530337] ACPI: Video Device [VID] (multi-head: yes  rom: no  post: no)
[    3.530530] input: Video Bus as /devices/LNXSYSTM:00/LNXSYBUS:00/PNP0A08:00/LNXVIDEO:00/input/input15
[    3.537645] Intel(R) Wireless WiFi driver for Linux
[    3.537646] Copyright(c) 2003- 2015 Intel Corporation
[    3.537825] iwlwifi 0000:03:00.0: can't disable ASPM; OS doesn't have ASPM control
[    3.541203] iwlwifi 0000:03:00.0: loaded firmware version 18.168.6.1 op_mode iwldvm
[    3.576272] iwlwifi 0000:03:00.0: CONFIG_IWLWIFI_DEBUG disabled
[    3.576273] iwlwifi 0000:03:00.0: CONFIG_IWLWIFI_DEBUGFS disabled
[    3.576274] iwlwifi 0000:03:00.0: CONFIG_IWLWIFI_DEVICE_TRACING enabled
[    3.576275] iwlwifi 0000:03:00.0: Detected Intel(R) Centrino(R) Advanced-N 6205 AGN, REV=0xB0
[    3.577966] iwlwifi 0000:03:00.0: L1 Enabled - LTR Disabled
[    3.598082] ieee80211 phy0: Selected rate control algorithm 'iwl-agn-rs'
[    3.599553] iwlwifi 0000:03:00.0 wlp3s0: renamed from wlan0
[    3.784103] snd_hda_intel 0000:00:1b.0: bound 0000:00:02.0 (ops i915_audio_component_bind_ops [i915])
[    3.784111] [drm] Initialized i915 1.6.0 20160711 for 0000:00:02.0 on minor 0
[    4.036080] fbcon: inteldrmfb (fb0) is primary device
[    4.040407] psmouse serio1: synaptics: queried max coordinates: x [..5470], y [..4498]
[    4.102337] psmouse serio1: synaptics: Touchpad model: 1, fw: 7.2, id: 0x1c0b1, caps: 0xd047b3/0xb40000/0xa0000/0x0, board id: 0, fw id: 920262
[    4.102346] psmouse serio1: synaptics: serio: Synaptics pass-through port at isa0060/serio1/input0
[    4.141370] input: SynPS/2 Synaptics TouchPad as /devices/platform/i8042/serio1/input/input8
[    4.144451] mousedev: PS/2 mouse device common for all mice
[    4.146419] input: HDA Digital PCBeep as /devices/pci0000:00/0000:00:1b.0/sound/card0/input10
[    4.147114] input: HDA Intel PCH Mic as /devices/pci0000:00/0000:00:1b.0/sound/card0/input11
[    4.147157] input: HDA Intel PCH Dock Mic as /devices/pci0000:00/0000:00:1b.0/sound/card0/input12
[    4.147202] input: HDA Intel PCH Headphone as /devices/pci0000:00/0000:00:1b.0/sound/card0/input13
[    4.147241] input: HDA Intel PCH Dock Headphone as /devices/pci0000:00/0000:00:1b.0/sound/card0/input14
[    4.147282] input: HDA Intel PCH HDMI/DP,pcm=3 as /devices/pci0000:00/0000:00:1b.0/sound/card0/input16
[    4.147322] input: HDA Intel PCH HDMI/DP,pcm=7 as /devices/pci0000:00/0000:00:1b.0/sound/card0/input17
[    4.147360] input: HDA Intel PCH HDMI/DP,pcm=8 as /devices/pci0000:00/0000:00:1b.0/sound/card0/input18
[    4.785305] psmouse serio2: trackpoint: IBM TrackPoint firmware: 0x0e, buttons: 3/3
[    4.825332] Console: switching to colour frame buffer device 200x56
[    4.843973] i915 0000:00:02.0: fb0: inteldrmfb frame buffer device
[    4.932446] random: crng init done
[    4.984377] input: TPPS/2 IBM TrackPoint as /devices/platform/i8042/serio1/serio2/input/input19
[    5.076291] Bluetooth: BNEP (Ethernet Emulation) ver 1.3
[    5.076294] Bluetooth: BNEP socket layer initialized
[    5.353229] IPv6: ADDRCONF(NETDEV_UP): vboxnet0: link is not ready
[    5.407144] IPv6: ADDRCONF(NETDEV_UP): enp0s25: link is not ready
[    5.664051] IPv6: ADDRCONF(NETDEV_UP): enp0s25: link is not ready
[    5.667194] IPv6: ADDRCONF(NETDEV_UP): wlp3s0: link is not ready
[    5.668950] iwlwifi 0000:03:00.0: L1 Enabled - LTR Disabled
[    5.675754] iwlwifi 0000:03:00.0: L1 Enabled - LTR Disabled
[    5.675840] iwlwifi 0000:03:00.0: Radio type=0x1-0x2-0x0
[    5.950340] iwlwifi 0000:03:00.0: L1 Enabled - LTR Disabled
[    5.957152] iwlwifi 0000:03:00.0: L1 Enabled - LTR Disabled
[    5.957250] iwlwifi 0000:03:00.0: Radio type=0x1-0x2-0x0
[    6.034123] IPv6: ADDRCONF(NETDEV_UP): wlp3s0: link is not ready
[    6.041017] iwlwifi 0000:03:00.0: L1 Enabled - LTR Disabled
[    6.047828] iwlwifi 0000:03:00.0: L1 Enabled - LTR Disabled
[    6.047932] iwlwifi 0000:03:00.0: Radio type=0x1-0x2-0x0
[    6.323050] iwlwifi 0000:03:00.0: L1 Enabled - LTR Disabled
[    6.329891] iwlwifi 0000:03:00.0: L1 Enabled - LTR Disabled
[    6.329999] iwlwifi 0000:03:00.0: Radio type=0x1-0x2-0x0
[    6.408961] IPv6: ADDRCONF(NETDEV_UP): wlp3s0: link is not ready
[    6.443658] NET: Registered protocol family 17
[    6.464484] IPv6: ADDRCONF(NETDEV_UP): wlp3s0: link is not ready
[    9.751914] iwlwifi 0000:03:00.0: L1 Enabled - LTR Disabled
[    9.758734] iwlwifi 0000:03:00.0: L1 Enabled - LTR Disabled
[    9.758846] iwlwifi 0000:03:00.0: Radio type=0x1-0x2-0x0
[   10.034123] iwlwifi 0000:03:00.0: L1 Enabled - LTR Disabled
[   10.040959] iwlwifi 0000:03:00.0: L1 Enabled - LTR Disabled
[   10.041057] iwlwifi 0000:03:00.0: Radio type=0x1-0x2-0x0
[   10.119838] IPv6: ADDRCONF(NETDEV_UP): wlp3s0: link is not ready
[   12.968158] wlp3s0: authenticate with ec:bd:1d:b0:0a:df
[   12.970963] wlp3s0: send auth to ec:bd:1d:b0:0a:df (try 1/3)
[   13.052954] wlp3s0: authenticated
[   13.053783] wlp3s0: associate with ec:bd:1d:b0:0a:df (try 1/3)
[   13.055238] wlp3s0: RX AssocResp from ec:bd:1d:b0:0a:df (capab=0x11 status=0 aid=23)
[   13.074652] wlp3s0: associated
[   13.074699] IPv6: ADDRCONF(NETDEV_CHANGE): wlp3s0: link becomes ready
[   13.156788] wlp3s0: Limiting TX power to 18 dBm as advertised by ec:bd:1d:b0:0a:df
[   16.031848] systemd-journald[535]: File /var/log/journal/8475ded34b324db3b8512bb69c94fb60/user-1000.journal corrupted or uncleanly shut down, renaming and replacing.
[   16.383976] Bluetooth: RFCOMM TTY layer initialized
[   16.383983] Bluetooth: RFCOMM socket layer initialized
[   16.383988] Bluetooth: RFCOMM ver 1.11
[ 2740.966378] wlp3s0: authenticate with ec:bd:1d:b0:f4:4f
[ 2740.968931] wlp3s0: send auth to ec:bd:1d:b0:f4:4f (try 1/3)
[ 2740.969546] wlp3s0: authenticated
[ 2740.969781] wlp3s0: associate with ec:bd:1d:b0:f4:4f (try 1/3)
[ 2740.973425] wlp3s0: RX AssocResp from ec:bd:1d:b0:f4:4f (capab=0x11 status=0 aid=53)
[ 2740.992415] wlp3s0: associated
[ 2740.999635] wlp3s0: Limiting TX power to 23 (23 - 0) dBm as advertised by ec:bd:1d:b0:f4:4f
[ 2860.582586] wlp3s0: disconnect from AP ec:bd:1d:b0:f4:4f for new auth to ec:bd:1d:b0:0a:df
[ 2860.601312] wlp3s0: authenticate with ec:bd:1d:b0:0a:df
[ 2860.603717] wlp3s0: send auth to ec:bd:1d:b0:0a:df (try 1/3)
[ 2860.676651] wlp3s0: authenticated
[ 2860.676898] wlp3s0: waiting for beacon from ec:bd:1d:b0:0a:df
[ 2860.779772] wlp3s0: associate with ec:bd:1d:b0:0a:df (try 1/3)
[ 2860.781519] wlp3s0: RX AssocResp from ec:bd:1d:b0:0a:df (capab=0x11 status=0 aid=72)
[ 2860.802081] wlp3s0: associated
[ 2860.883607] wlp3s0: Limiting TX power to 18 dBm as advertised by ec:bd:1d:b0:0a:df
[ 3221.015860] wlp3s0: authenticate with 84:b2:61:89:27:6f
[ 3221.018596] wlp3s0: send auth to 84:b2:61:89:27:6f (try 1/3)
[ 3221.019208] wlp3s0: authenticated
[ 3221.022370] wlp3s0: associate with 84:b2:61:89:27:6f (try 1/3)
[ 3221.024304] wlp3s0: RX AssocResp from 84:b2:61:89:27:6f (capab=0x11 status=0 aid=8)
[ 3221.043017] wlp3s0: associated
[ 3221.122535] wlp3s0: Limiting TX power to 18 dBm as advertised by 84:b2:61:89:27:6f
[ 3340.913246] wlp3s0: disconnect from AP 84:b2:61:89:27:6f for new auth to ec:bd:1d:b0:0a:df
[ 3340.931628] wlp3s0: authenticate with ec:bd:1d:b0:0a:df
[ 3340.934077] wlp3s0: send auth to ec:bd:1d:b0:0a:df (try 1/3)
[ 3341.023239] wlp3s0: authenticated
[ 3341.023418] wlp3s0: waiting for beacon from ec:bd:1d:b0:0a:df
[ 3341.127586] wlp3s0: associate with ec:bd:1d:b0:0a:df (try 1/3)
[ 3341.129062] wlp3s0: RX AssocResp from ec:bd:1d:b0:0a:df (capab=0x11 status=0 aid=78)
[ 3341.149420] wlp3s0: associated
[ 3341.231411] wlp3s0: Limiting TX power to 18 dBm as advertised by ec:bd:1d:b0:0a:df
[ 3461.086678] wlp3s0: authenticate with 84:b2:61:89:27:6f
[ 3461.088990] wlp3s0: send auth to 84:b2:61:89:27:6f (try 1/3)
[ 3461.140544] wlp3s0: authenticated
[ 3461.141117] wlp3s0: associate with 84:b2:61:89:27:6f (try 1/3)
[ 3461.142631] wlp3s0: RX AssocResp from 84:b2:61:89:27:6f (capab=0x11 status=0 aid=8)
[ 3461.161738] wlp3s0: associated
[ 3461.453263] wlp3s0: Limiting TX power to 18 dBm as advertised by 84:b2:61:89:27:6f
[ 3580.617612] wlp3s0: disconnect from AP 84:b2:61:89:27:6f for new auth to ec:bd:1d:b0:0a:df
[ 3580.635781] wlp3s0: authenticate with ec:bd:1d:b0:0a:df
[ 3580.638325] wlp3s0: send auth to ec:bd:1d:b0:0a:df (try 1/3)
[ 3580.727190] wlp3s0: authenticated
[ 3580.727324] wlp3s0: waiting for beacon from ec:bd:1d:b0:0a:df
[ 3580.832724] wlp3s0: associate with ec:bd:1d:b0:0a:df (try 1/3)
[ 3580.834094] wlp3s0: RX AssocResp from ec:bd:1d:b0:0a:df (capab=0x11 status=0 aid=83)
[ 3580.852905] wlp3s0: associated
[ 3580.935472] wlp3s0: Limiting TX power to 18 dBm as advertised by ec:bd:1d:b0:0a:df
[ 4304.225468] wlp3s0: Limiting TX power to 15 dBm as advertised by ec:bd:1d:b0:0a:df
[ 5538.257231] wlp3s0: Limiting TX power to 18 dBm as advertised by ec:bd:1d:b0:0a:df
[17260.789757] wlp3s0: authenticate with ec:bd:1d:b0:f4:4f
[17260.792792] wlp3s0: send auth to ec:bd:1d:b0:f4:4f (try 1/3)
[17260.805284] wlp3s0: authenticated
[17260.806258] wlp3s0: associate with ec:bd:1d:b0:f4:4f (try 1/3)
[17260.807759] wlp3s0: RX AssocResp from ec:bd:1d:b0:f4:4f (capab=0x11 status=0 aid=27)
[17260.826833] wlp3s0: associated
[17260.909125] wlp3s0: Limiting TX power to 23 (23 - 0) dBm as advertised by ec:bd:1d:b0:f4:4f
[17380.390536] wlp3s0: disconnect from AP ec:bd:1d:b0:f4:4f for new auth to ec:bd:1d:b0:0a:df
[17380.409191] wlp3s0: authenticate with ec:bd:1d:b0:0a:df
[17380.412626] wlp3s0: send auth to ec:bd:1d:b0:0a:df (try 1/3)
[17380.471964] wlp3s0: authenticated
[17380.472151] wlp3s0: waiting for beacon from ec:bd:1d:b0:0a:df
[17380.575907] wlp3s0: associate with ec:bd:1d:b0:0a:df (try 1/3)
[17380.577306] wlp3s0: RX AssocResp from ec:bd:1d:b0:0a:df (capab=0x11 status=0 aid=42)
[17380.596339] wlp3s0: associated
[17380.680180] wlp3s0: Limiting TX power to 18 dBm as advertised by ec:bd:1d:b0:0a:df
[20500.539931] wlp3s0: authenticate with ec:bd:1d:b0:f4:4f
[20500.542306] wlp3s0: send auth to ec:bd:1d:b0:f4:4f (try 1/3)
[20500.623827] wlp3s0: authenticated
[20500.624750] wlp3s0: associate with ec:bd:1d:b0:f4:4f (try 1/3)
[20500.626088] wlp3s0: RX AssocResp from ec:bd:1d:b0:f4:4f (capab=0x11 status=0 aid=29)
[20500.644357] wlp3s0: associated
[20500.727688] wlp3s0: Limiting TX power to 23 (23 - 0) dBm as advertised by ec:bd:1d:b0:f4:4f
[20740.214530] wlp3s0: disconnect from AP ec:bd:1d:b0:f4:4f for new auth to ec:bd:1d:b0:0a:df
[20740.233015] wlp3s0: authenticate with ec:bd:1d:b0:0a:df
[20740.235682] wlp3s0: send auth to ec:bd:1d:b0:0a:df (try 1/3)
[20740.236332] wlp3s0: authenticated
[20740.240065] wlp3s0: waiting for beacon from ec:bd:1d:b0:0a:df
[20740.296899] wlp3s0: associate with ec:bd:1d:b0:0a:df (try 1/3)
[20740.298317] wlp3s0: RX AssocResp from ec:bd:1d:b0:0a:df (capab=0x11 status=0 aid=88)
[20740.317498] wlp3s0: associated
[20740.400933] wlp3s0: Limiting TX power to 18 dBm as advertised by ec:bd:1d:b0:0a:df
[20975.822684] wlp3s0: Limiting TX power to 15 dBm as advertised by ec:bd:1d:b0:0a:df
[22210.167868] wlp3s0: Limiting TX power to 18 dBm as advertised by ec:bd:1d:b0:0a:df
